DEBUG - 2026-02-19 04:49:20 --> Session: Class initialized using 'CodeIgniter\Session\Handlers\FileHandler' driver.
DEBUG - 2026-02-19 04:49:21 --> Session: Class initialized using 'CodeIgniter\Session\Handlers\FileHandler' driver.
DEBUG - 2026-02-19 04:49:27 --> Session: Class initialized using 'CodeIgniter\Session\Handlers\FileHandler' driver.
DEBUG - 2026-02-19 04:49:27 --> Session: Class initialized using 'CodeIgniter\Session\Handlers\FileHandler' driver.
DEBUG - 2026-02-19 04:49:34 --> Session: Class initialized using 'CodeIgniter\Session\Handlers\FileHandler' driver.
DEBUG - 2026-02-19 04:49:34 --> Session: Class initialized using 'CodeIgniter\Session\Handlers\FileHandler' driver.
DEBUG - 2026-02-19 04:49:37 --> Session: Class initialized using 'CodeIgniter\Session\Handlers\FileHandler' driver.
DEBUG - 2026-02-19 04:49:42 --> Session: Class initialized using 'CodeIgniter\Session\Handlers\FileHandler' driver.
DEBUG - 2026-02-19 04:49:46 --> Session: Class initialized using 'CodeIgniter\Session\Handlers\FileHandler' driver.
DEBUG - 2026-02-19 04:49:52 --> Session: Class initialized using 'CodeIgniter\Session\Handlers\FileHandler' driver.
DEBUG - 2026-02-19 04:49:52 --> Session: Class initialized using 'CodeIgniter\Session\Handlers\FileHandler' driver.
DEBUG - 2026-02-19 04:49:57 --> Session: Class initialized using 'CodeIgniter\Session\Handlers\FileHandler' driver.
DEBUG - 2026-02-19 04:49:57 --> Session: Class initialized using 'CodeIgniter\Session\Handlers\FileHandler' driver.
DEBUG - 2026-02-19 04:50:00 --> Session: Class initialized using 'CodeIgniter\Session\Handlers\FileHandler' driver.
DEBUG - 2026-02-19 04:54:44 --> Session: Class initialized using 'CodeIgniter\Session\Handlers\FileHandler' driver.
ERROR - 2026-02-19 04:54:50 --> mysqli_sql_exception: Unknown column 'full_name' in 'field list' in C:\xampp\htdocs\UASSS\Manajemen_Rumah-Sakit\system\Database\MySQLi\Connection.php:327
Stack trace:
#0 C:\xampp\htdocs\UASSS\Manajemen_Rumah-Sakit\system\Database\MySQLi\Connection.php(327): mysqli->query('SELECT `doctor_...', 0)
#1 C:\xampp\htdocs\UASSS\Manajemen_Rumah-Sakit\system\Database\BaseConnection.php(729): CodeIgniter\Database\MySQLi\Connection->execute('SELECT `doctor_...')
#2 C:\xampp\htdocs\UASSS\Manajemen_Rumah-Sakit\system\Database\BaseConnection.php(646): CodeIgniter\Database\BaseConnection->simpleQuery('SELECT `doctor_...')
#3 C:\xampp\htdocs\UASSS\Manajemen_Rumah-Sakit\system\Database\BaseBuilder.php(1649): CodeIgniter\Database\BaseConnection->query('SELECT `doctor_...', Array, false)
#4 C:\xampp\htdocs\UASSS\Manajemen_Rumah-Sakit\app\Controllers\Pasien\Pasien.php(82): CodeIgniter\Database\BaseBuilder->get()
#5 C:\xampp\htdocs\UASSS\Manajemen_Rumah-Sakit\system\CodeIgniter.php(933): App\Controllers\Pasien\Pasien->getDoctorsByDept('1')
#6 C:\xampp\htdocs\UASSS\Manajemen_Rumah-Sakit\system\CodeIgniter.php(507): CodeIgniter\CodeIgniter->runController(Object(App\Controllers\Pasien\Pasien))
#7 C:\xampp\htdocs\UASSS\Manajemen_Rumah-Sakit\system\CodeIgniter.php(354): CodeIgniter\CodeIgniter->handleRequest(NULL, Object(Config\Cache), false)
#8 C:\xampp\htdocs\UASSS\Manajemen_Rumah-Sakit\system\Boot.php(363): CodeIgniter\CodeIgniter->run()
#9 C:\xampp\htdocs\UASSS\Manajemen_Rumah-Sakit\system\Boot.php(68): CodeIgniter\Boot::runCodeIgniter(Object(CodeIgniter\CodeIgniter))
#10 C:\xampp\htdocs\UASSS\Manajemen_Rumah-Sakit\public\index.php(59): CodeIgniter\Boot::bootWeb(Object(Config\Paths))
#11 C:\xampp\htdocs\UASSS\Manajemen_Rumah-Sakit\system\rewrite.php(44): require_once('C:\\xampp\\htdocs...')
#12 {main}
CRITICAL - 2026-02-19 04:54:51 --> CodeIgniter\Database\Exceptions\DatabaseException: Unknown column 'full_name' in 'field list'
[Method: GET, Route: appointment/getDoctorsByDept/1]
in SYSTEMPATH\Database\BaseConnection.php on line 684.
 1 SYSTEMPATH\Database\BaseBuilder.php(1649): CodeIgniter\Database\BaseConnection->query('SELECT `doctor_id`, `full_name`
FROM `doctors`
WHERE `department_id` = :department_id:', [...], false)
 2 APPPATH\Controllers\Pasien\Pasien.php(82): CodeIgniter\Database\BaseBuilder->get()
 3 SYSTEMPATH\CodeIgniter.php(933): App\Controllers\Pasien\Pasien->getDoctorsByDept('1')
 4 SYSTEMPATH\CodeIgniter.php(507): CodeIgniter\CodeIgniter->runController(Object(App\Controllers\Pasien\Pasien))
 5 SYSTEMPATH\CodeIgniter.php(354): CodeIgniter\CodeIgniter->handleRequest(null, Object(Config\Cache), false)
 6 SYSTEMPATH\Boot.php(363): CodeIgniter\CodeIgniter->run()
 7 SYSTEMPATH\Boot.php(68): CodeIgniter\Boot::runCodeIgniter(Object(CodeIgniter\CodeIgniter))
 8 FCPATH\index.php(59): CodeIgniter\Boot::bootWeb(Object(Config\Paths))
 9 SYSTEMPATH\rewrite.php(44): require_once('C:\\xampp\\htdocs\\UASSS\\Manajemen_Rumah-Sakit\\public\\index.php')
CRITICAL - 2026-02-19 04:54:51 --> [Caused by] CodeIgniter\Database\Exceptions\DatabaseException: Unknown column 'full_name' in 'field list'
in SYSTEMPATH\Database\MySQLi\Connection.php on line 332.
 1 SYSTEMPATH\Database\BaseConnection.php(729): CodeIgniter\Database\MySQLi\Connection->execute('SELECT `doctor_id`, `full_name`
FROM `doctors`
WHERE `department_id` = \'1\'')
 2 SYSTEMPATH\Database\BaseConnection.php(646): CodeIgniter\Database\BaseConnection->simpleQuery('SELECT `doctor_id`, `full_name`
FROM `doctors`
WHERE `department_id` = \'1\'')
 3 SYSTEMPATH\Database\BaseBuilder.php(1649): CodeIgniter\Database\BaseConnection->query('SELECT `doctor_id`, `full_name`
FROM `doctors`
WHERE `department_id` = :department_id:', [...], false)
 4 APPPATH\Controllers\Pasien\Pasien.php(82): CodeIgniter\Database\BaseBuilder->get()
 5 SYSTEMPATH\CodeIgniter.php(933): App\Controllers\Pasien\Pasien->getDoctorsByDept('1')
 6 SYSTEMPATH\CodeIgniter.php(507): CodeIgniter\CodeIgniter->runController(Object(App\Controllers\Pasien\Pasien))
 7 SYSTEMPATH\CodeIgniter.php(354): CodeIgniter\CodeIgniter->handleRequest(null, Object(Config\Cache), false)
 8 SYSTEMPATH\Boot.php(363): CodeIgniter\CodeIgniter->run()
 9 SYSTEMPATH\Boot.php(68): CodeIgniter\Boot::runCodeIgniter(Object(CodeIgniter\CodeIgniter))
10 FCPATH\index.php(59): CodeIgniter\Boot::bootWeb(Object(Config\Paths))
11 SYSTEMPATH\rewrite.php(44): require_once('C:\\xampp\\htdocs\\UASSS\\Manajemen_Rumah-Sakit\\public\\index.php')
CRITICAL - 2026-02-19 04:54:51 --> [Caused by] mysqli_sql_exception: Unknown column 'full_name' in 'field list'
in SYSTEMPATH\Database\MySQLi\Connection.php on line 327.
 1 SYSTEMPATH\Database\MySQLi\Connection.php(327): mysqli->query('SELECT `doctor_id`, `full_name`
FROM `doctors`
WHERE `department_id` = \'1\'', 0)
 2 SYSTEMPATH\Database\BaseConnection.php(729): CodeIgniter\Database\MySQLi\Connection->execute('SELECT `doctor_id`, `full_name`
FROM `doctors`
WHERE `department_id` = \'1\'')
 3 SYSTEMPATH\Database\BaseConnection.php(646): CodeIgniter\Database\BaseConnection->simpleQuery('SELECT `doctor_id`, `full_name`
FROM `doctors`
WHERE `department_id` = \'1\'')
 4 SYSTEMPATH\Database\BaseBuilder.php(1649): CodeIgniter\Database\BaseConnection->query('SELECT `doctor_id`, `full_name`
FROM `doctors`
WHERE `department_id` = :department_id:', [...], false)
 5 APPPATH\Controllers\Pasien\Pasien.php(82): CodeIgniter\Database\BaseBuilder->get()
 6 SYSTEMPATH\CodeIgniter.php(933): App\Controllers\Pasien\Pasien->getDoctorsByDept('1')
 7 SYSTEMPATH\CodeIgniter.php(507): CodeIgniter\CodeIgniter->runController(Object(App\Controllers\Pasien\Pasien))
 8 SYSTEMPATH\CodeIgniter.php(354): CodeIgniter\CodeIgniter->handleRequest(null, Object(Config\Cache), false)
 9 SYSTEMPATH\Boot.php(363): CodeIgniter\CodeIgniter->run()
10 SYSTEMPATH\Boot.php(68): CodeIgniter\Boot::runCodeIgniter(Object(CodeIgniter\CodeIgniter))
11 FCPATH\index.php(59): CodeIgniter\Boot::bootWeb(Object(Config\Paths))
12 SYSTEMPATH\rewrite.php(44): require_once('C:\\xampp\\htdocs\\UASSS\\Manajemen_Rumah-Sakit\\public\\index.php')
DEBUG - 2026-02-19 04:54:55 --> Session: Class initialized using 'CodeIgniter\Session\Handlers\FileHandler' driver.
DEBUG - 2026-02-19 04:54:58 --> Session: Class initialized using 'CodeIgniter\Session\Handlers\FileHandler' driver.
DEBUG - 2026-02-19 04:55:00 --> Session: Class initialized using 'CodeIgniter\Session\Handlers\FileHandler' driver.
DEBUG - 2026-02-19 04:55:02 --> Session: Class initialized using 'CodeIgniter\Session\Handlers\FileHandler' driver.
DEBUG - 2026-02-19 04:55:04 --> Session: Class initialized using 'CodeIgniter\Session\Handlers\FileHandler' driver.
ERROR - 2026-02-19 04:55:11 --> mysqli_sql_exception: Unknown column 'full_name' in 'field list' in C:\xampp\htdocs\UASSS\Manajemen_Rumah-Sakit\system\Database\MySQLi\Connection.php:327
Stack trace:
#0 C:\xampp\htdocs\UASSS\Manajemen_Rumah-Sakit\system\Database\MySQLi\Connection.php(327): mysqli->query('SELECT `doctor_...', 0)
#1 C:\xampp\htdocs\UASSS\Manajemen_Rumah-Sakit\system\Database\BaseConnection.php(729): CodeIgniter\Database\MySQLi\Connection->execute('SELECT `doctor_...')
#2 C:\xampp\htdocs\UASSS\Manajemen_Rumah-Sakit\system\Database\BaseConnection.php(646): CodeIgniter\Database\BaseConnection->simpleQuery('SELECT `doctor_...')
#3 C:\xampp\htdocs\UASSS\Manajemen_Rumah-Sakit\system\Database\BaseBuilder.php(1649): CodeIgniter\Database\BaseConnection->query('SELECT `doctor_...', Array, false)
#4 C:\xampp\htdocs\UASSS\Manajemen_Rumah-Sakit\app\Controllers\Pasien\Pasien.php(82): CodeIgniter\Database\BaseBuilder->get()
#5 C:\xampp\htdocs\UASSS\Manajemen_Rumah-Sakit\system\CodeIgniter.php(933): App\Controllers\Pasien\Pasien->getDoctorsByDept('1')
#6 C:\xampp\htdocs\UASSS\Manajemen_Rumah-Sakit\system\CodeIgniter.php(507): CodeIgniter\CodeIgniter->runController(Object(App\Controllers\Pasien\Pasien))
#7 C:\xampp\htdocs\UASSS\Manajemen_Rumah-Sakit\system\CodeIgniter.php(354): CodeIgniter\CodeIgniter->handleRequest(NULL, Object(Config\Cache), false)
#8 C:\xampp\htdocs\UASSS\Manajemen_Rumah-Sakit\system\Boot.php(363): CodeIgniter\CodeIgniter->run()
#9 C:\xampp\htdocs\UASSS\Manajemen_Rumah-Sakit\system\Boot.php(68): CodeIgniter\Boot::runCodeIgniter(Object(CodeIgniter\CodeIgniter))
#10 C:\xampp\htdocs\UASSS\Manajemen_Rumah-Sakit\public\index.php(59): CodeIgniter\Boot::bootWeb(Object(Config\Paths))
#11 C:\xampp\htdocs\UASSS\Manajemen_Rumah-Sakit\system\rewrite.php(44): require_once('C:\\xampp\\htdocs...')
#12 {main}
CRITICAL - 2026-02-19 04:55:11 --> CodeIgniter\Database\Exceptions\DatabaseException: Unknown column 'full_name' in 'field list'
[Method: GET, Route: appointment/getDoctorsByDept/1]
in SYSTEMPATH\Database\BaseConnection.php on line 684.
 1 SYSTEMPATH\Database\BaseBuilder.php(1649): CodeIgniter\Database\BaseConnection->query('SELECT `doctor_id`, `full_name`
FROM `doctors`
WHERE `department_id` = :department_id:', [...], false)
 2 APPPATH\Controllers\Pasien\Pasien.php(82): CodeIgniter\Database\BaseBuilder->get()
 3 SYSTEMPATH\CodeIgniter.php(933): App\Controllers\Pasien\Pasien->getDoctorsByDept('1')
 4 SYSTEMPATH\CodeIgniter.php(507): CodeIgniter\CodeIgniter->runController(Object(App\Controllers\Pasien\Pasien))
 5 SYSTEMPATH\CodeIgniter.php(354): CodeIgniter\CodeIgniter->handleRequest(null, Object(Config\Cache), false)
 6 SYSTEMPATH\Boot.php(363): CodeIgniter\CodeIgniter->run()
 7 SYSTEMPATH\Boot.php(68): CodeIgniter\Boot::runCodeIgniter(Object(CodeIgniter\CodeIgniter))
 8 FCPATH\index.php(59): CodeIgniter\Boot::bootWeb(Object(Config\Paths))
 9 SYSTEMPATH\rewrite.php(44): require_once('C:\\xampp\\htdocs\\UASSS\\Manajemen_Rumah-Sakit\\public\\index.php')
CRITICAL - 2026-02-19 04:55:11 --> [Caused by] CodeIgniter\Database\Exceptions\DatabaseException: Unknown column 'full_name' in 'field list'
in SYSTEMPATH\Database\MySQLi\Connection.php on line 332.
 1 SYSTEMPATH\Database\BaseConnection.php(729): CodeIgniter\Database\MySQLi\Connection->execute('SELECT `doctor_id`, `full_name`
FROM `doctors`
WHERE `department_id` = \'1\'')
 2 SYSTEMPATH\Database\BaseConnection.php(646): CodeIgniter\Database\BaseConnection->simpleQuery('SELECT `doctor_id`, `full_name`
FROM `doctors`
WHERE `department_id` = \'1\'')
 3 SYSTEMPATH\Database\BaseBuilder.php(1649): CodeIgniter\Database\BaseConnection->query('SELECT `doctor_id`, `full_name`
FROM `doctors`
WHERE `department_id` = :department_id:', [...], false)
 4 APPPATH\Controllers\Pasien\Pasien.php(82): CodeIgniter\Database\BaseBuilder->get()
 5 SYSTEMPATH\CodeIgniter.php(933): App\Controllers\Pasien\Pasien->getDoctorsByDept('1')
 6 SYSTEMPATH\CodeIgniter.php(507): CodeIgniter\CodeIgniter->runController(Object(App\Controllers\Pasien\Pasien))
 7 SYSTEMPATH\CodeIgniter.php(354): CodeIgniter\CodeIgniter->handleRequest(null, Object(Config\Cache), false)
 8 SYSTEMPATH\Boot.php(363): CodeIgniter\CodeIgniter->run()
 9 SYSTEMPATH\Boot.php(68): CodeIgniter\Boot::runCodeIgniter(Object(CodeIgniter\CodeIgniter))
10 FCPATH\index.php(59): CodeIgniter\Boot::bootWeb(Object(Config\Paths))
11 SYSTEMPATH\rewrite.php(44): require_once('C:\\xampp\\htdocs\\UASSS\\Manajemen_Rumah-Sakit\\public\\index.php')
CRITICAL - 2026-02-19 04:55:11 --> [Caused by] mysqli_sql_exception: Unknown column 'full_name' in 'field list'
in SYSTEMPATH\Database\MySQLi\Connection.php on line 327.
 1 SYSTEMPATH\Database\MySQLi\Connection.php(327): mysqli->query('SELECT `doctor_id`, `full_name`
FROM `doctors`
WHERE `department_id` = \'1\'', 0)
 2 SYSTEMPATH\Database\BaseConnection.php(729): CodeIgniter\Database\MySQLi\Connection->execute('SELECT `doctor_id`, `full_name`
FROM `doctors`
WHERE `department_id` = \'1\'')
 3 SYSTEMPATH\Database\BaseConnection.php(646): CodeIgniter\Database\BaseConnection->simpleQuery('SELECT `doctor_id`, `full_name`
FROM `doctors`
WHERE `department_id` = \'1\'')
 4 SYSTEMPATH\Database\BaseBuilder.php(1649): CodeIgniter\Database\BaseConnection->query('SELECT `doctor_id`, `full_name`
FROM `doctors`
WHERE `department_id` = :department_id:', [...], false)
 5 APPPATH\Controllers\Pasien\Pasien.php(82): CodeIgniter\Database\BaseBuilder->get()
 6 SYSTEMPATH\CodeIgniter.php(933): App\Controllers\Pasien\Pasien->getDoctorsByDept('1')
 7 SYSTEMPATH\CodeIgniter.php(507): CodeIgniter\CodeIgniter->runController(Object(App\Controllers\Pasien\Pasien))
 8 SYSTEMPATH\CodeIgniter.php(354): CodeIgniter\CodeIgniter->handleRequest(null, Object(Config\Cache), false)
 9 SYSTEMPATH\Boot.php(363): CodeIgniter\CodeIgniter->run()
10 SYSTEMPATH\Boot.php(68): CodeIgniter\Boot::runCodeIgniter(Object(CodeIgniter\CodeIgniter))
11 FCPATH\index.php(59): CodeIgniter\Boot::bootWeb(Object(Config\Paths))
12 SYSTEMPATH\rewrite.php(44): require_once('C:\\xampp\\htdocs\\UASSS\\Manajemen_Rumah-Sakit\\public\\index.php')
DEBUG - 2026-02-19 05:01:41 --> Session: Class initialized using 'CodeIgniter\Session\Handlers\FileHandler' driver.
ERROR - 2026-02-19 05:01:45 --> mysqli_sql_exception: Unknown column 'full_name' in 'field list' in C:\xampp\htdocs\UASSS\Manajemen_Rumah-Sakit\system\Database\MySQLi\Connection.php:327
Stack trace:
#0 C:\xampp\htdocs\UASSS\Manajemen_Rumah-Sakit\system\Database\MySQLi\Connection.php(327): mysqli->query('SELECT `doctor_...', 0)
#1 C:\xampp\htdocs\UASSS\Manajemen_Rumah-Sakit\system\Database\BaseConnection.php(729): CodeIgniter\Database\MySQLi\Connection->execute('SELECT `doctor_...')
#2 C:\xampp\htdocs\UASSS\Manajemen_Rumah-Sakit\system\Database\BaseConnection.php(646): CodeIgniter\Database\BaseConnection->simpleQuery('SELECT `doctor_...')
#3 C:\xampp\htdocs\UASSS\Manajemen_Rumah-Sakit\system\Database\BaseBuilder.php(1649): CodeIgniter\Database\BaseConnection->query('SELECT `doctor_...', Array, false)
#4 C:\xampp\htdocs\UASSS\Manajemen_Rumah-Sakit\app\Controllers\Pasien\Pasien.php(82): CodeIgniter\Database\BaseBuilder->get()
#5 C:\xampp\htdocs\UASSS\Manajemen_Rumah-Sakit\system\CodeIgniter.php(933): App\Controllers\Pasien\Pasien->getDoctorsByDept('1')
#6 C:\xampp\htdocs\UASSS\Manajemen_Rumah-Sakit\system\CodeIgniter.php(507): CodeIgniter\CodeIgniter->runController(Object(App\Controllers\Pasien\Pasien))
#7 C:\xampp\htdocs\UASSS\Manajemen_Rumah-Sakit\system\CodeIgniter.php(354): CodeIgniter\CodeIgniter->handleRequest(NULL, Object(Config\Cache), false)
#8 C:\xampp\htdocs\UASSS\Manajemen_Rumah-Sakit\system\Boot.php(363): CodeIgniter\CodeIgniter->run()
#9 C:\xampp\htdocs\UASSS\Manajemen_Rumah-Sakit\system\Boot.php(68): CodeIgniter\Boot::runCodeIgniter(Object(CodeIgniter\CodeIgniter))
#10 C:\xampp\htdocs\UASSS\Manajemen_Rumah-Sakit\public\index.php(59): CodeIgniter\Boot::bootWeb(Object(Config\Paths))
#11 C:\xampp\htdocs\UASSS\Manajemen_Rumah-Sakit\system\rewrite.php(44): require_once('C:\\xampp\\htdocs...')
#12 {main}
CRITICAL - 2026-02-19 05:01:45 --> CodeIgniter\Database\Exceptions\DatabaseException: Unknown column 'full_name' in 'field list'
[Method: GET, Route: appointment/getDoctorsByDept/1]
in SYSTEMPATH\Database\BaseConnection.php on line 684.
 1 SYSTEMPATH\Database\BaseBuilder.php(1649): CodeIgniter\Database\BaseConnection->query('SELECT `doctor_id`, `full_name`
FROM `doctors`
WHERE `department_id` = :department_id:', [...], false)
 2 APPPATH\Controllers\Pasien\Pasien.php(82): CodeIgniter\Database\BaseBuilder->get()
 3 SYSTEMPATH\CodeIgniter.php(933): App\Controllers\Pasien\Pasien->getDoctorsByDept('1')
 4 SYSTEMPATH\CodeIgniter.php(507): CodeIgniter\CodeIgniter->runController(Object(App\Controllers\Pasien\Pasien))
 5 SYSTEMPATH\CodeIgniter.php(354): CodeIgniter\CodeIgniter->handleRequest(null, Object(Config\Cache), false)
 6 SYSTEMPATH\Boot.php(363): CodeIgniter\CodeIgniter->run()
 7 SYSTEMPATH\Boot.php(68): CodeIgniter\Boot::runCodeIgniter(Object(CodeIgniter\CodeIgniter))
 8 FCPATH\index.php(59): CodeIgniter\Boot::bootWeb(Object(Config\Paths))
 9 SYSTEMPATH\rewrite.php(44): require_once('C:\\xampp\\htdocs\\UASSS\\Manajemen_Rumah-Sakit\\public\\index.php')
CRITICAL - 2026-02-19 05:01:45 --> [Caused by] CodeIgniter\Database\Exceptions\DatabaseException: Unknown column 'full_name' in 'field list'
in SYSTEMPATH\Database\MySQLi\Connection.php on line 332.
 1 SYSTEMPATH\Database\BaseConnection.php(729): CodeIgniter\Database\MySQLi\Connection->execute('SELECT `doctor_id`, `full_name`
FROM `doctors`
WHERE `department_id` = \'1\'')
 2 SYSTEMPATH\Database\BaseConnection.php(646): CodeIgniter\Database\BaseConnection->simpleQuery('SELECT `doctor_id`, `full_name`
FROM `doctors`
WHERE `department_id` = \'1\'')
 3 SYSTEMPATH\Database\BaseBuilder.php(1649): CodeIgniter\Database\BaseConnection->query('SELECT `doctor_id`, `full_name`
FROM `doctors`
WHERE `department_id` = :department_id:', [...], false)
 4 APPPATH\Controllers\Pasien\Pasien.php(82): CodeIgniter\Database\BaseBuilder->get()
 5 SYSTEMPATH\CodeIgniter.php(933): App\Controllers\Pasien\Pasien->getDoctorsByDept('1')
 6 SYSTEMPATH\CodeIgniter.php(507): CodeIgniter\CodeIgniter->runController(Object(App\Controllers\Pasien\Pasien))
 7 SYSTEMPATH\CodeIgniter.php(354): CodeIgniter\CodeIgniter->handleRequest(null, Object(Config\Cache), false)
 8 SYSTEMPATH\Boot.php(363): CodeIgniter\CodeIgniter->run()
 9 SYSTEMPATH\Boot.php(68): CodeIgniter\Boot::runCodeIgniter(Object(CodeIgniter\CodeIgniter))
10 FCPATH\index.php(59): CodeIgniter\Boot::bootWeb(Object(Config\Paths))
11 SYSTEMPATH\rewrite.php(44): require_once('C:\\xampp\\htdocs\\UASSS\\Manajemen_Rumah-Sakit\\public\\index.php')
CRITICAL - 2026-02-19 05:01:45 --> [Caused by] mysqli_sql_exception: Unknown column 'full_name' in 'field list'
in SYSTEMPATH\Database\MySQLi\Connection.php on line 327.
 1 SYSTEMPATH\Database\MySQLi\Connection.php(327): mysqli->query('SELECT `doctor_id`, `full_name`
FROM `doctors`
WHERE `department_id` = \'1\'', 0)
 2 SYSTEMPATH\Database\BaseConnection.php(729): CodeIgniter\Database\MySQLi\Connection->execute('SELECT `doctor_id`, `full_name`
FROM `doctors`
WHERE `department_id` = \'1\'')
 3 SYSTEMPATH\Database\BaseConnection.php(646): CodeIgniter\Database\BaseConnection->simpleQuery('SELECT `doctor_id`, `full_name`
FROM `doctors`
WHERE `department_id` = \'1\'')
 4 SYSTEMPATH\Database\BaseBuilder.php(1649): CodeIgniter\Database\BaseConnection->query('SELECT `doctor_id`, `full_name`
FROM `doctors`
WHERE `department_id` = :department_id:', [...], false)
 5 APPPATH\Controllers\Pasien\Pasien.php(82): CodeIgniter\Database\BaseBuilder->get()
 6 SYSTEMPATH\CodeIgniter.php(933): App\Controllers\Pasien\Pasien->getDoctorsByDept('1')
 7 SYSTEMPATH\CodeIgniter.php(507): CodeIgniter\CodeIgniter->runController(Object(App\Controllers\Pasien\Pasien))
 8 SYSTEMPATH\CodeIgniter.php(354): CodeIgniter\CodeIgniter->handleRequest(null, Object(Config\Cache), false)
 9 SYSTEMPATH\Boot.php(363): CodeIgniter\CodeIgniter->run()
10 SYSTEMPATH\Boot.php(68): CodeIgniter\Boot::runCodeIgniter(Object(CodeIgniter\CodeIgniter))
11 FCPATH\index.php(59): CodeIgniter\Boot::bootWeb(Object(Config\Paths))
12 SYSTEMPATH\rewrite.php(44): require_once('C:\\xampp\\htdocs\\UASSS\\Manajemen_Rumah-Sakit\\public\\index.php')
ERROR - 2026-02-19 05:02:06 --> mysqli_sql_exception: Unknown column 'full_name' in 'field list' in C:\xampp\htdocs\UASSS\Manajemen_Rumah-Sakit\system\Database\MySQLi\Connection.php:327
Stack trace:
#0 C:\xampp\htdocs\UASSS\Manajemen_Rumah-Sakit\system\Database\MySQLi\Connection.php(327): mysqli->query('SELECT `doctor_...', 0)
#1 C:\xampp\htdocs\UASSS\Manajemen_Rumah-Sakit\system\Database\BaseConnection.php(729): CodeIgniter\Database\MySQLi\Connection->execute('SELECT `doctor_...')
#2 C:\xampp\htdocs\UASSS\Manajemen_Rumah-Sakit\system\Database\BaseConnection.php(646): CodeIgniter\Database\BaseConnection->simpleQuery('SELECT `doctor_...')
#3 C:\xampp\htdocs\UASSS\Manajemen_Rumah-Sakit\system\Database\BaseBuilder.php(1649): CodeIgniter\Database\BaseConnection->query('SELECT `doctor_...', Array, false)
#4 C:\xampp\htdocs\UASSS\Manajemen_Rumah-Sakit\app\Controllers\Pasien\Pasien.php(82): CodeIgniter\Database\BaseBuilder->get()
#5 C:\xampp\htdocs\UASSS\Manajemen_Rumah-Sakit\system\CodeIgniter.php(933): App\Controllers\Pasien\Pasien->getDoctorsByDept('1')
#6 C:\xampp\htdocs\UASSS\Manajemen_Rumah-Sakit\system\CodeIgniter.php(507): CodeIgniter\CodeIgniter->runController(Object(App\Controllers\Pasien\Pasien))
#7 C:\xampp\htdocs\UASSS\Manajemen_Rumah-Sakit\system\CodeIgniter.php(354): CodeIgniter\CodeIgniter->handleRequest(NULL, Object(Config\Cache), false)
#8 C:\xampp\htdocs\UASSS\Manajemen_Rumah-Sakit\system\Boot.php(363): CodeIgniter\CodeIgniter->run()
#9 C:\xampp\htdocs\UASSS\Manajemen_Rumah-Sakit\system\Boot.php(68): CodeIgniter\Boot::runCodeIgniter(Object(CodeIgniter\CodeIgniter))
#10 C:\xampp\htdocs\UASSS\Manajemen_Rumah-Sakit\public\index.php(59): CodeIgniter\Boot::bootWeb(Object(Config\Paths))
#11 C:\xampp\htdocs\UASSS\Manajemen_Rumah-Sakit\system\rewrite.php(44): require_once('C:\\xampp\\htdocs...')
#12 {main}
CRITICAL - 2026-02-19 05:02:06 --> CodeIgniter\Database\Exceptions\DatabaseException: Unknown column 'full_name' in 'field list'
[Method: GET, Route: appointment/getDoctorsByDept/1]
in SYSTEMPATH\Database\BaseConnection.php on line 684.
 1 SYSTEMPATH\Database\BaseBuilder.php(1649): CodeIgniter\Database\BaseConnection->query('SELECT `doctor_id`, `full_name`
FROM `doctors`
WHERE `department_id` = :department_id:', [...], false)
 2 APPPATH\Controllers\Pasien\Pasien.php(82): CodeIgniter\Database\BaseBuilder->get()
 3 SYSTEMPATH\CodeIgniter.php(933): App\Controllers\Pasien\Pasien->getDoctorsByDept('1')
 4 SYSTEMPATH\CodeIgniter.php(507): CodeIgniter\CodeIgniter->runController(Object(App\Controllers\Pasien\Pasien))
 5 SYSTEMPATH\CodeIgniter.php(354): CodeIgniter\CodeIgniter->handleRequest(null, Object(Config\Cache), false)
 6 SYSTEMPATH\Boot.php(363): CodeIgniter\CodeIgniter->run()
 7 SYSTEMPATH\Boot.php(68): CodeIgniter\Boot::runCodeIgniter(Object(CodeIgniter\CodeIgniter))
 8 FCPATH\index.php(59): CodeIgniter\Boot::bootWeb(Object(Config\Paths))
 9 SYSTEMPATH\rewrite.php(44): require_once('C:\\xampp\\htdocs\\UASSS\\Manajemen_Rumah-Sakit\\public\\index.php')
CRITICAL - 2026-02-19 05:02:06 --> [Caused by] CodeIgniter\Database\Exceptions\DatabaseException: Unknown column 'full_name' in 'field list'
in SYSTEMPATH\Database\MySQLi\Connection.php on line 332.
 1 SYSTEMPATH\Database\BaseConnection.php(729): CodeIgniter\Database\MySQLi\Connection->execute('SELECT `doctor_id`, `full_name`
FROM `doctors`
WHERE `department_id` = \'1\'')
 2 SYSTEMPATH\Database\BaseConnection.php(646): CodeIgniter\Database\BaseConnection->simpleQuery('SELECT `doctor_id`, `full_name`
FROM `doctors`
WHERE `department_id` = \'1\'')
 3 SYSTEMPATH\Database\BaseBuilder.php(1649): CodeIgniter\Database\BaseConnection->query('SELECT `doctor_id`, `full_name`
FROM `doctors`
WHERE `department_id` = :department_id:', [...], false)
 4 APPPATH\Controllers\Pasien\Pasien.php(82): CodeIgniter\Database\BaseBuilder->get()
 5 SYSTEMPATH\CodeIgniter.php(933): App\Controllers\Pasien\Pasien->getDoctorsByDept('1')
 6 SYSTEMPATH\CodeIgniter.php(507): CodeIgniter\CodeIgniter->runController(Object(App\Controllers\Pasien\Pasien))
 7 SYSTEMPATH\CodeIgniter.php(354): CodeIgniter\CodeIgniter->handleRequest(null, Object(Config\Cache), false)
 8 SYSTEMPATH\Boot.php(363): CodeIgniter\CodeIgniter->run()
 9 SYSTEMPATH\Boot.php(68): CodeIgniter\Boot::runCodeIgniter(Object(CodeIgniter\CodeIgniter))
10 FCPATH\index.php(59): CodeIgniter\Boot::bootWeb(Object(Config\Paths))
11 SYSTEMPATH\rewrite.php(44): require_once('C:\\xampp\\htdocs\\UASSS\\Manajemen_Rumah-Sakit\\public\\index.php')
CRITICAL - 2026-02-19 05:02:06 --> [Caused by] mysqli_sql_exception: Unknown column 'full_name' in 'field list'
in SYSTEMPATH\Database\MySQLi\Connection.php on line 327.
 1 SYSTEMPATH\Database\MySQLi\Connection.php(327): mysqli->query('SELECT `doctor_id`, `full_name`
FROM `doctors`
WHERE `department_id` = \'1\'', 0)
 2 SYSTEMPATH\Database\BaseConnection.php(729): CodeIgniter\Database\MySQLi\Connection->execute('SELECT `doctor_id`, `full_name`
FROM `doctors`
WHERE `department_id` = \'1\'')
 3 SYSTEMPATH\Database\BaseConnection.php(646): CodeIgniter\Database\BaseConnection->simpleQuery('SELECT `doctor_id`, `full_name`
FROM `doctors`
WHERE `department_id` = \'1\'')
 4 SYSTEMPATH\Database\BaseBuilder.php(1649): CodeIgniter\Database\BaseConnection->query('SELECT `doctor_id`, `full_name`
FROM `doctors`
WHERE `department_id` = :department_id:', [...], false)
 5 APPPATH\Controllers\Pasien\Pasien.php(82): CodeIgniter\Database\BaseBuilder->get()
 6 SYSTEMPATH\CodeIgniter.php(933): App\Controllers\Pasien\Pasien->getDoctorsByDept('1')
 7 SYSTEMPATH\CodeIgniter.php(507): CodeIgniter\CodeIgniter->runController(Object(App\Controllers\Pasien\Pasien))
 8 SYSTEMPATH\CodeIgniter.php(354): CodeIgniter\CodeIgniter->handleRequest(null, Object(Config\Cache), false)
 9 SYSTEMPATH\Boot.php(363): CodeIgniter\CodeIgniter->run()
10 SYSTEMPATH\Boot.php(68): CodeIgniter\Boot::runCodeIgniter(Object(CodeIgniter\CodeIgniter))
11 FCPATH\index.php(59): CodeIgniter\Boot::bootWeb(Object(Config\Paths))
12 SYSTEMPATH\rewrite.php(44): require_once('C:\\xampp\\htdocs\\UASSS\\Manajemen_Rumah-Sakit\\public\\index.php')
DEBUG - 2026-02-19 05:06:23 --> Session: Class initialized using 'CodeIgniter\Session\Handlers\FileHandler' driver.
